1216_johnscreek	/mnt/glusterfs/static2/atp/1216_johnscreek/	/mnt/glusterfs/static2/pde_data/1216-johnscreek/ OS-1216	od_1216_johnscreek	disk17	static2
1229_phoenix	/mnt/glusterfs/static2/atp/1229_phoenix/	/mnt/glusterfs/static2/pde_data/1229-phoenix/	OS-1229	od_1229_phoenixpilot	disk17	static2
1583_central_florida	/mnt/glusterfs/static2/atp/1583_central_florida/	/mnt/glusterfs/static2/pde_data/1583-central-florida/	OS-1583	od_1583_centralflorida	disk18	static2
1759_raleigh	/mnt/glusterfs/static2/atp/1759_raleigh/	/mnt/glusterfs/static2/pde_data/1759-raleigh/	OS-1759	od_1759_raleighcorridor	disk18	static2
2079_bozeman	/mnt/glusterfs/static2/atp/2079_bozeman/	/mnt/glusterfs/static2/pde_data/2079-bozeman/	OS-2079	od_2079_bozeman	disk19	static2
2097_kentuckykipda	/mnt/glusterfs/static2/atp/2097_kentuckykipda/	/mnt/glusterfs/static2/pde_data/2097-kentucky/	OS-2097	od_2097_kentuckykipda	disk19 static2
2158_kentucky	/mnt/glusterfs/static2/atp/2158_kentucky/exec_20130901-20130930/	/mnt/glusterfs/static2/pde_data/kentucky/	OS-2158	od_2158_kentucky3cities	disk20	static2
